[2026-01-04 14:24:11.224] [INFO] [Worker 1] Worker starting
{
  "queue": "leads_assign_20260104",
  "useDailyQueue": false
}
[2026-01-04 14:24:11.227] [INFO] [Worker 2] Worker starting
{
  "queue": "leads_assign_20260104",
  "useDailyQueue": false
}
[2026-01-04 14:24:11.228] [INFO] [Worker 3] Worker starting
{
  "queue": "leads_assign_20260104",
  "useDailyQueue": false
}
[2026-01-04 14:24:11.229] [INFO] [Worker 4] Worker starting
{
  "queue": "leads_assign_20260104",
  "useDailyQueue": false
}
[2026-01-04 14:24:11.230] [INFO] [Worker 5] Worker starting
{
  "queue": "leads_assign_20260104",
  "useDailyQueue": false
}
[2026-01-04 14:24:11.231] [INFO] [Worker 6] Worker starting
{
  "queue": "leads_assign_20260104",
  "useDailyQueue": false
}
[2026-01-04 14:24:11.232] [INFO] [Worker 7] Worker starting
{
  "queue": "leads_assign_20260104",
  "useDailyQueue": false
}
[2026-01-04 14:24:11.233] [INFO] [Worker 8] Worker starting
{
  "queue": "leads_assign_20260104",
  "useDailyQueue": false
}
[2026-01-04 14:24:11.233] [INFO] [Worker 9] Worker starting
{
  "queue": "leads_assign_20260104",
  "useDailyQueue": false
}
[2026-01-04 14:24:11.234] [INFO] [Worker 10] Worker starting
{
  "queue": "leads_assign_20260104",
  "useDailyQueue": false
}
[2026-01-04 14:40:01.206] [INFO] [Worker 1] Worker starting
{
  "queue": "leads_assign_20260104",
  "useDailyQueue": false
}
[2026-01-04 14:40:01.216] [INFO] [Worker 2] Worker starting
{
  "queue": "leads_assign_20260104",
  "useDailyQueue": false
}
[2026-01-04 14:40:01.218] [INFO] [Worker 3] Worker starting
{
  "queue": "leads_assign_20260104",
  "useDailyQueue": false
}
[2026-01-04 14:40:01.220] [INFO] [Worker 4] Worker starting
{
  "queue": "leads_assign_20260104",
  "useDailyQueue": false
}
[2026-01-04 14:40:01.223] [INFO] [Worker 5] Worker starting
{
  "queue": "leads_assign_20260104",
  "useDailyQueue": false
}
[2026-01-04 14:40:01.225] [INFO] [Worker 6] Worker starting
{
  "queue": "leads_assign_20260104",
  "useDailyQueue": false
}
[2026-01-04 14:40:01.226] [INFO] [Worker 7] Worker starting
{
  "queue": "leads_assign_20260104",
  "useDailyQueue": false
}
[2026-01-04 14:40:01.228] [INFO] [Worker 8] Worker starting
{
  "queue": "leads_assign_20260104",
  "useDailyQueue": false
}
[2026-01-04 14:40:01.229] [INFO] [Worker 9] Worker starting
{
  "queue": "leads_assign_20260104",
  "useDailyQueue": false
}
[2026-01-04 14:40:01.230] [INFO] [Worker 10] Worker starting
{
  "queue": "leads_assign_20260104",
  "useDailyQueue": false
}
[2026-01-04 15:03:37.643] [INFO] [Worker 1] Worker starting
{
  "queue": "leads_assign_20260104",
  "useDailyQueue": false
}
[2026-01-04 15:03:37.647] [INFO] [Worker 2] Worker starting
{
  "queue": "leads_assign_20260104",
  "useDailyQueue": false
}
[2026-01-04 15:03:37.649] [INFO] [Worker 3] Worker starting
{
  "queue": "leads_assign_20260104",
  "useDailyQueue": false
}
[2026-01-04 15:03:37.650] [INFO] [Worker 4] Worker starting
{
  "queue": "leads_assign_20260104",
  "useDailyQueue": false
}
[2026-01-04 15:03:37.651] [INFO] [Worker 5] Worker starting
{
  "queue": "leads_assign_20260104",
  "useDailyQueue": false
}
[2026-01-04 15:03:37.653] [INFO] [Worker 6] Worker starting
{
  "queue": "leads_assign_20260104",
  "useDailyQueue": false
}
[2026-01-04 15:03:37.654] [INFO] [Worker 7] Worker starting
{
  "queue": "leads_assign_20260104",
  "useDailyQueue": false
}
[2026-01-04 15:03:37.656] [INFO] [Worker 8] Worker starting
{
  "queue": "leads_assign_20260104",
  "useDailyQueue": false
}
[2026-01-04 15:03:37.657] [INFO] [Worker 9] Worker starting
{
  "queue": "leads_assign_20260104",
  "useDailyQueue": false
}
[2026-01-04 15:03:37.658] [INFO] [Worker 10] Worker starting
{
  "queue": "leads_assign_20260104",
  "useDailyQueue": false
}
[2026-01-04 15:18:36.666] [INFO] [Worker 1] Worker starting
{
  "queue": "leads_assign_20260104",
  "useDailyQueue": false
}
[2026-01-04 15:18:36.670] [INFO] [Worker 2] Worker starting
{
  "queue": "leads_assign_20260104",
  "useDailyQueue": false
}
[2026-01-04 15:18:36.672] [INFO] [Worker 3] Worker starting
{
  "queue": "leads_assign_20260104",
  "useDailyQueue": false
}
[2026-01-04 15:18:36.673] [INFO] [Worker 4] Worker starting
{
  "queue": "leads_assign_20260104",
  "useDailyQueue": false
}
[2026-01-04 15:18:36.674] [INFO] [Worker 5] Worker starting
{
  "queue": "leads_assign_20260104",
  "useDailyQueue": false
}
[2026-01-04 15:18:36.675] [INFO] [Worker 6] Worker starting
{
  "queue": "leads_assign_20260104",
  "useDailyQueue": false
}
[2026-01-04 15:18:36.676] [INFO] [Worker 7] Worker starting
{
  "queue": "leads_assign_20260104",
  "useDailyQueue": false
}
[2026-01-04 15:18:36.678] [INFO] [Worker 8] Worker starting
{
  "queue": "leads_assign_20260104",
  "useDailyQueue": false
}
[2026-01-04 15:18:36.679] [INFO] [Worker 9] Worker starting
{
  "queue": "leads_assign_20260104",
  "useDailyQueue": false
}
[2026-01-04 15:18:36.680] [INFO] [Worker 10] Worker starting
{
  "queue": "leads_assign_20260104",
  "useDailyQueue": false
}
[2026-01-05 09:24:02.165] [INFO] [Worker 1] Worker starting
{
  "queue": "leads_assign_20260105",
  "useDailyQueue": false
}
[2026-01-05 09:24:02.175] [INFO] [Worker 2] Worker starting
{
  "queue": "leads_assign_20260105",
  "useDailyQueue": false
}
[2026-01-05 09:24:02.177] [INFO] [Worker 3] Worker starting
{
  "queue": "leads_assign_20260105",
  "useDailyQueue": false
}
[2026-01-05 09:24:02.179] [INFO] [Worker 4] Worker starting
{
  "queue": "leads_assign_20260105",
  "useDailyQueue": false
}
[2026-01-05 09:24:02.180] [INFO] [Worker 5] Worker starting
{
  "queue": "leads_assign_20260105",
  "useDailyQueue": false
}
[2026-01-05 09:24:02.182] [INFO] [Worker 6] Worker starting
{
  "queue": "leads_assign_20260105",
  "useDailyQueue": false
}
[2026-01-05 09:24:02.184] [INFO] [Worker 7] Worker starting
{
  "queue": "leads_assign_20260105",
  "useDailyQueue": false
}
[2026-01-05 09:24:02.185] [INFO] [Worker 8] Worker starting
{
  "queue": "leads_assign_20260105",
  "useDailyQueue": false
}
[2026-01-05 09:24:02.186] [INFO] [Worker 9] Worker starting
{
  "queue": "leads_assign_20260105",
  "useDailyQueue": false
}
[2026-01-05 09:24:02.188] [INFO] [Worker 10] Worker starting
{
  "queue": "leads_assign_20260105",
  "useDailyQueue": false
}
[2026-01-05 09:33:12.915] [INFO] [Worker 1] Worker starting
{
  "queue": "leads_assign_20260105",
  "useDailyQueue": false
}
[2026-01-05 09:33:12.923] [INFO] [Worker 2] Worker starting
{
  "queue": "leads_assign_20260105",
  "useDailyQueue": false
}
[2026-01-05 09:33:12.926] [INFO] [Worker 3] Worker starting
{
  "queue": "leads_assign_20260105",
  "useDailyQueue": false
}
[2026-01-05 09:33:12.930] [INFO] [Worker 4] Worker starting
{
  "queue": "leads_assign_20260105",
  "useDailyQueue": false
}
[2026-01-05 09:33:12.933] [INFO] [Worker 5] Worker starting
{
  "queue": "leads_assign_20260105",
  "useDailyQueue": false
}
[2026-01-05 09:33:12.936] [INFO] [Worker 6] Worker starting
{
  "queue": "leads_assign_20260105",
  "useDailyQueue": false
}
[2026-01-05 09:33:12.940] [INFO] [Worker 7] Worker starting
{
  "queue": "leads_assign_20260105",
  "useDailyQueue": false
}
[2026-01-05 09:33:12.942] [INFO] [Worker 8] Worker starting
{
  "queue": "leads_assign_20260105",
  "useDailyQueue": false
}
[2026-01-05 09:33:12.944] [INFO] [Worker 9] Worker starting
{
  "queue": "leads_assign_20260105",
  "useDailyQueue": false
}
[2026-01-05 09:33:12.948] [INFO] [Worker 10] Worker starting
{
  "queue": "leads_assign_20260105",
  "useDailyQueue": false
}
[2026-01-06 05:20:48.409] [INFO] [Worker 1] Worker starting
{
  "queue": "leads_assign_20260105",
  "useDailyQueue": false
}
[2026-01-06 05:20:48.416] [INFO] [Worker 2] Worker starting
{
  "queue": "leads_assign_20260105",
  "useDailyQueue": false
}
[2026-01-06 05:20:48.418] [INFO] [Worker 3] Worker starting
{
  "queue": "leads_assign_20260105",
  "useDailyQueue": false
}
[2026-01-06 05:20:48.420] [INFO] [Worker 4] Worker starting
{
  "queue": "leads_assign_20260105",
  "useDailyQueue": false
}
[2026-01-06 05:20:48.421] [INFO] [Worker 5] Worker starting
{
  "queue": "leads_assign_20260105",
  "useDailyQueue": false
}
[2026-01-06 05:20:48.423] [INFO] [Worker 6] Worker starting
{
  "queue": "leads_assign_20260105",
  "useDailyQueue": false
}
[2026-01-06 05:20:48.425] [INFO] [Worker 7] Worker starting
{
  "queue": "leads_assign_20260105",
  "useDailyQueue": false
}
[2026-01-06 05:20:48.426] [INFO] [Worker 8] Worker starting
{
  "queue": "leads_assign_20260105",
  "useDailyQueue": false
}
[2026-01-06 05:20:48.427] [INFO] [Worker 9] Worker starting
{
  "queue": "leads_assign_20260105",
  "useDailyQueue": false
}
[2026-01-06 05:20:48.429] [INFO] [Worker 10] Worker starting
{
  "queue": "leads_assign_20260105",
  "useDailyQueue": false
}
[2026-01-06 05:20:56.180] [ERROR] Job Failed: b6eb5680-7c48-4c26-910a-6677daafa7cc
{
  "error": "User has no GHL locationId configured",
  "workerId": 3,
  "type": "batch",
  "stack": "Error: User has no GHL locationId configured\n    at pushLeadsForUser (C:\\Users\\DELL Latitude 7400\\Documents\\PRO-EDGE\\lead-delivery-app\\src\\lib\\pushLeads.ts:153:11)\n    at async WorkerManager.pushPropertiesBatch (C:\\Users\\DELL Latitude 7400\\Documents\\PRO-EDGE\\lead-delivery-app\\src\\lib\\workerManager.ts:595:5)\n    at async WorkerManager.processBatch (C:\\Users\\DELL Latitude 7400\\Documents\\PRO-EDGE\\lead-delivery-app\\src\\lib\\workerManager.ts:561:5)\n    at async WorkerManager.processBatchJob (C:\\Users\\DELL Latitude 7400\\Documents\\PRO-EDGE\\lead-delivery-app\\src\\lib\\workerManager.ts:408:7)\n    at async <anonymous> (C:\\Users\\DELL Latitude 7400\\Documents\\PRO-EDGE\\lead-delivery-app\\src\\lib\\workerManager.ts:104:11)\n    at async resolveWithinSeconds (C:\\Users\\DELL Latitude 7400\\Documents\\PRO-EDGE\\lead-delivery-app\\node_modules\\pg-boss\\src\\tools.ts:50:14)\n    at async Worker.onFetch (C:\\Users\\DELL Latitude 7400\\Documents\\PRO-EDGE\\lead-delivery-app\\node_modules\\pg-boss\\src\\manager.ts:171:24)\n    at async Worker.start (C:\\Users\\DELL Latitude 7400\\Documents\\PRO-EDGE\\lead-delivery-app\\node_modules\\pg-boss\\src\\worker.ts:79:11)"
}
[2026-01-06 05:20:57.436] [ERROR] Job Failed: 3e989037-f1ef-4c07-b027-db7c7e8a869c
{
  "error": "Missing stored GHL credentials—accessToken, refreshToken or expiry.",
  "workerId": 1,
  "type": "batch",
  "stack": "Error: Missing stored GHL credentials—accessToken, refreshToken or expiry.\n    at getValidAccessToken (C:\\Users\\DELL Latitude 7400\\Documents\\PRO-EDGE\\lead-delivery-app\\src\\lib\\ghlClient.ts:19:11)\n    at pushLeadsForUser (C:\\Users\\DELL Latitude 7400\\Documents\\PRO-EDGE\\lead-delivery-app\\src\\lib\\pushLeads.ts:156:29)\n    at async WorkerManager.pushPropertiesBatch (C:\\Users\\DELL Latitude 7400\\Documents\\PRO-EDGE\\lead-delivery-app\\src\\lib\\workerManager.ts:595:5)\n    at async WorkerManager.processBatch (C:\\Users\\DELL Latitude 7400\\Documents\\PRO-EDGE\\lead-delivery-app\\src\\lib\\workerManager.ts:561:5)\n    at async WorkerManager.processBatchJob (C:\\Users\\DELL Latitude 7400\\Documents\\PRO-EDGE\\lead-delivery-app\\src\\lib\\workerManager.ts:408:7)\n    at async <anonymous> (C:\\Users\\DELL Latitude 7400\\Documents\\PRO-EDGE\\lead-delivery-app\\src\\lib\\workerManager.ts:104:11)\n    at async resolveWithinSeconds (C:\\Users\\DELL Latitude 7400\\Documents\\PRO-EDGE\\lead-delivery-app\\node_modules\\pg-boss\\src\\tools.ts:50:14)\n    at async Worker.onFetch (C:\\Users\\DELL Latitude 7400\\Documents\\PRO-EDGE\\lead-delivery-app\\node_modules\\pg-boss\\src\\manager.ts:171:24)\n    at async Worker.start (C:\\Users\\DELL Latitude 7400\\Documents\\PRO-EDGE\\lead-delivery-app\\node_modules\\pg-boss\\src\\worker.ts:79:11)"
}
[2026-01-06 05:21:04.935] [ERROR] Job Failed: 08efe223-1259-4395-b900-49f4f7611971
{
  "error": "Reached the max retries per request limit (which is 20). Refer to \"maxRetriesPerRequest\" option for details.",
  "workerId": 2,
  "type": "batch",
  "stack": "MaxRetriesPerRequestError: Reached the max retries per request limit (which is 20). Refer to \"maxRetriesPerRequest\" option for details.\n    at Socket.<anonymous> (C:\\Users\\DELL Latitude 7400\\Documents\\PRO-EDGE\\lead-delivery-app\\node_modules\\ioredis\\built\\redis\\event_handler.js:207:37)\n    at Object.onceWrapper (node:events:639:26)\n    at Socket.emit (node:events:524:28)\n    at TCP.<anonymous> (node:net:351:12)"
}
[2026-01-06 05:22:03.275] [ERROR] Job Failed: b6eb5680-7c48-4c26-910a-6677daafa7cc
{
  "error": "User has no GHL locationId configured",
  "workerId": 1,
  "type": "batch",
  "stack": "Error: User has no GHL locationId configured\n    at pushLeadsForUser (C:\\Users\\DELL Latitude 7400\\Documents\\PRO-EDGE\\lead-delivery-app\\src\\lib\\pushLeads.ts:153:11)\n    at async WorkerManager.pushPropertiesBatch (C:\\Users\\DELL Latitude 7400\\Documents\\PRO-EDGE\\lead-delivery-app\\src\\lib\\workerManager.ts:595:5)\n    at async WorkerManager.processBatch (C:\\Users\\DELL Latitude 7400\\Documents\\PRO-EDGE\\lead-delivery-app\\src\\lib\\workerManager.ts:561:5)\n    at async WorkerManager.processBatchJob (C:\\Users\\DELL Latitude 7400\\Documents\\PRO-EDGE\\lead-delivery-app\\src\\lib\\workerManager.ts:408:7)\n    at async <anonymous> (C:\\Users\\DELL Latitude 7400\\Documents\\PRO-EDGE\\lead-delivery-app\\src\\lib\\workerManager.ts:104:11)\n    at async resolveWithinSeconds (C:\\Users\\DELL Latitude 7400\\Documents\\PRO-EDGE\\lead-delivery-app\\node_modules\\pg-boss\\src\\tools.ts:50:14)\n    at async Worker.onFetch (C:\\Users\\DELL Latitude 7400\\Documents\\PRO-EDGE\\lead-delivery-app\\node_modules\\pg-boss\\src\\manager.ts:171:24)\n    at async Worker.start (C:\\Users\\DELL Latitude 7400\\Documents\\PRO-EDGE\\lead-delivery-app\\node_modules\\pg-boss\\src\\worker.ts:79:11)"
}
[2026-01-06 05:22:04.676] [ERROR] Job Failed: 3e989037-f1ef-4c07-b027-db7c7e8a869c
{
  "error": "Missing stored GHL credentials—accessToken, refreshToken or expiry.",
  "workerId": 3,
  "type": "batch",
  "stack": "Error: Missing stored GHL credentials—accessToken, refreshToken or expiry.\n    at getValidAccessToken (C:\\Users\\DELL Latitude 7400\\Documents\\PRO-EDGE\\lead-delivery-app\\src\\lib\\ghlClient.ts:19:11)\n    at pushLeadsForUser (C:\\Users\\DELL Latitude 7400\\Documents\\PRO-EDGE\\lead-delivery-app\\src\\lib\\pushLeads.ts:156:29)\n    at async WorkerManager.pushPropertiesBatch (C:\\Users\\DELL Latitude 7400\\Documents\\PRO-EDGE\\lead-delivery-app\\src\\lib\\workerManager.ts:595:5)\n    at async WorkerManager.processBatch (C:\\Users\\DELL Latitude 7400\\Documents\\PRO-EDGE\\lead-delivery-app\\src\\lib\\workerManager.ts:561:5)\n    at async WorkerManager.processBatchJob (C:\\Users\\DELL Latitude 7400\\Documents\\PRO-EDGE\\lead-delivery-app\\src\\lib\\workerManager.ts:408:7)\n    at async <anonymous> (C:\\Users\\DELL Latitude 7400\\Documents\\PRO-EDGE\\lead-delivery-app\\src\\lib\\workerManager.ts:104:11)\n    at async resolveWithinSeconds (C:\\Users\\DELL Latitude 7400\\Documents\\PRO-EDGE\\lead-delivery-app\\node_modules\\pg-boss\\src\\tools.ts:50:14)\n    at async Worker.onFetch (C:\\Users\\DELL Latitude 7400\\Documents\\PRO-EDGE\\lead-delivery-app\\node_modules\\pg-boss\\src\\manager.ts:171:24)\n    at async Worker.start (C:\\Users\\DELL Latitude 7400\\Documents\\PRO-EDGE\\lead-delivery-app\\node_modules\\pg-boss\\src\\worker.ts:79:11)"
}
[2026-01-06 05:22:30.085] [ERROR] Job Failed: 08efe223-1259-4395-b900-49f4f7611971
{
  "error": "Reached the max retries per request limit (which is 20). Refer to \"maxRetriesPerRequest\" option for details.",
  "workerId": 2,
  "type": "batch",
  "stack": "MaxRetriesPerRequestError: Reached the max retries per request limit (which is 20). Refer to \"maxRetriesPerRequest\" option for details.\n    at Socket.<anonymous> (C:\\Users\\DELL Latitude 7400\\Documents\\PRO-EDGE\\lead-delivery-app\\node_modules\\ioredis\\built\\redis\\event_handler.js:207:37)\n    at Object.onceWrapper (node:events:639:26)\n    at Socket.emit (node:events:524:28)\n    at TCP.<anonymous> (node:net:351:12)"
}
[2026-01-06 05:23:21.229] [ERROR] Job Failed: b6eb5680-7c48-4c26-910a-6677daafa7cc
{
  "error": "User has no GHL locationId configured",
  "workerId": 3,
  "type": "batch",
  "stack": "Error: User has no GHL locationId configured\n    at pushLeadsForUser (C:\\Users\\DELL Latitude 7400\\Documents\\PRO-EDGE\\lead-delivery-app\\src\\lib\\pushLeads.ts:153:11)\n    at async WorkerManager.pushPropertiesBatch (C:\\Users\\DELL Latitude 7400\\Documents\\PRO-EDGE\\lead-delivery-app\\src\\lib\\workerManager.ts:595:5)\n    at async WorkerManager.processBatch (C:\\Users\\DELL Latitude 7400\\Documents\\PRO-EDGE\\lead-delivery-app\\src\\lib\\workerManager.ts:561:5)\n    at async WorkerManager.processBatchJob (C:\\Users\\DELL Latitude 7400\\Documents\\PRO-EDGE\\lead-delivery-app\\src\\lib\\workerManager.ts:408:7)\n    at async <anonymous> (C:\\Users\\DELL Latitude 7400\\Documents\\PRO-EDGE\\lead-delivery-app\\src\\lib\\workerManager.ts:104:11)\n    at async resolveWithinSeconds (C:\\Users\\DELL Latitude 7400\\Documents\\PRO-EDGE\\lead-delivery-app\\node_modules\\pg-boss\\src\\tools.ts:50:14)\n    at async Worker.onFetch (C:\\Users\\DELL Latitude 7400\\Documents\\PRO-EDGE\\lead-delivery-app\\node_modules\\pg-boss\\src\\manager.ts:171:24)\n    at async Worker.start (C:\\Users\\DELL Latitude 7400\\Documents\\PRO-EDGE\\lead-delivery-app\\node_modules\\pg-boss\\src\\worker.ts:79:11)"
}
[2026-01-06 05:23:22.376] [ERROR] Job Failed: 3e989037-f1ef-4c07-b027-db7c7e8a869c
{
  "error": "Missing stored GHL credentials—accessToken, refreshToken or expiry.",
  "workerId": 6,
  "type": "batch",
  "stack": "Error: Missing stored GHL credentials—accessToken, refreshToken or expiry.\n    at getValidAccessToken (C:\\Users\\DELL Latitude 7400\\Documents\\PRO-EDGE\\lead-delivery-app\\src\\lib\\ghlClient.ts:19:11)\n    at pushLeadsForUser (C:\\Users\\DELL Latitude 7400\\Documents\\PRO-EDGE\\lead-delivery-app\\src\\lib\\pushLeads.ts:156:29)\n    at async WorkerManager.pushPropertiesBatch (C:\\Users\\DELL Latitude 7400\\Documents\\PRO-EDGE\\lead-delivery-app\\src\\lib\\workerManager.ts:595:5)\n    at async WorkerManager.processBatch (C:\\Users\\DELL Latitude 7400\\Documents\\PRO-EDGE\\lead-delivery-app\\src\\lib\\workerManager.ts:561:5)\n    at async WorkerManager.processBatchJob (C:\\Users\\DELL Latitude 7400\\Documents\\PRO-EDGE\\lead-delivery-app\\src\\lib\\workerManager.ts:408:7)\n    at async <anonymous> (C:\\Users\\DELL Latitude 7400\\Documents\\PRO-EDGE\\lead-delivery-app\\src\\lib\\workerManager.ts:104:11)\n    at async resolveWithinSeconds (C:\\Users\\DELL Latitude 7400\\Documents\\PRO-EDGE\\lead-delivery-app\\node_modules\\pg-boss\\src\\tools.ts:50:14)\n    at async Worker.onFetch (C:\\Users\\DELL Latitude 7400\\Documents\\PRO-EDGE\\lead-delivery-app\\node_modules\\pg-boss\\src\\manager.ts:171:24)\n    at async Worker.start (C:\\Users\\DELL Latitude 7400\\Documents\\PRO-EDGE\\lead-delivery-app\\node_modules\\pg-boss\\src\\worker.ts:79:11)"
}
[2026-01-06 05:23:54.499] [ERROR] Job Failed: 08efe223-1259-4395-b900-49f4f7611971
{
  "error": "Reached the max retries per request limit (which is 20). Refer to \"maxRetriesPerRequest\" option for details.",
  "workerId": 3,
  "type": "batch",
  "stack": "MaxRetriesPerRequestError: Reached the max retries per request limit (which is 20). Refer to \"maxRetriesPerRequest\" option for details.\n    at Socket.<anonymous> (C:\\Users\\DELL Latitude 7400\\Documents\\PRO-EDGE\\lead-delivery-app\\node_modules\\ioredis\\built\\redis\\event_handler.js:207:37)\n    at Object.onceWrapper (node:events:639:26)\n    at Socket.emit (node:events:524:28)\n    at TCP.<anonymous> (node:net:351:12)"
}
[2026-01-06 05:24:41.768] [ERROR] Job Failed: 3e989037-f1ef-4c07-b027-db7c7e8a869c
{
  "error": "Missing stored GHL credentials—accessToken, refreshToken or expiry.",
  "workerId": 1,
  "type": "batch",
  "stack": "Error: Missing stored GHL credentials—accessToken, refreshToken or expiry.\n    at getValidAccessToken (C:\\Users\\DELL Latitude 7400\\Documents\\PRO-EDGE\\lead-delivery-app\\src\\lib\\ghlClient.ts:19:11)\n    at pushLeadsForUser (C:\\Users\\DELL Latitude 7400\\Documents\\PRO-EDGE\\lead-delivery-app\\src\\lib\\pushLeads.ts:156:29)\n    at async WorkerManager.pushPropertiesBatch (C:\\Users\\DELL Latitude 7400\\Documents\\PRO-EDGE\\lead-delivery-app\\src\\lib\\workerManager.ts:595:5)\n    at async WorkerManager.processBatch (C:\\Users\\DELL Latitude 7400\\Documents\\PRO-EDGE\\lead-delivery-app\\src\\lib\\workerManager.ts:561:5)\n    at async WorkerManager.processBatchJob (C:\\Users\\DELL Latitude 7400\\Documents\\PRO-EDGE\\lead-delivery-app\\src\\lib\\workerManager.ts:408:7)\n    at async <anonymous> (C:\\Users\\DELL Latitude 7400\\Documents\\PRO-EDGE\\lead-delivery-app\\src\\lib\\workerManager.ts:104:11)\n    at async resolveWithinSeconds (C:\\Users\\DELL Latitude 7400\\Documents\\PRO-EDGE\\lead-delivery-app\\node_modules\\pg-boss\\src\\tools.ts:50:14)\n    at async Worker.onFetch (C:\\Users\\DELL Latitude 7400\\Documents\\PRO-EDGE\\lead-delivery-app\\node_modules\\pg-boss\\src\\manager.ts:171:24)\n    at async Worker.start (C:\\Users\\DELL Latitude 7400\\Documents\\PRO-EDGE\\lead-delivery-app\\node_modules\\pg-boss\\src\\worker.ts:79:11)"
}
[2026-01-06 05:24:42.726] [ERROR] Job Failed: b6eb5680-7c48-4c26-910a-6677daafa7cc
{
  "error": "User has no GHL locationId configured",
  "workerId": 5,
  "type": "batch",
  "stack": "Error: User has no GHL locationId configured\n    at pushLeadsForUser (C:\\Users\\DELL Latitude 7400\\Documents\\PRO-EDGE\\lead-delivery-app\\src\\lib\\pushLeads.ts:153:11)\n    at async WorkerManager.pushPropertiesBatch (C:\\Users\\DELL Latitude 7400\\Documents\\PRO-EDGE\\lead-delivery-app\\src\\lib\\workerManager.ts:595:5)\n    at async WorkerManager.processBatch (C:\\Users\\DELL Latitude 7400\\Documents\\PRO-EDGE\\lead-delivery-app\\src\\lib\\workerManager.ts:561:5)\n    at async WorkerManager.processBatchJob (C:\\Users\\DELL Latitude 7400\\Documents\\PRO-EDGE\\lead-delivery-app\\src\\lib\\workerManager.ts:408:7)\n    at async <anonymous> (C:\\Users\\DELL Latitude 7400\\Documents\\PRO-EDGE\\lead-delivery-app\\src\\lib\\workerManager.ts:104:11)\n    at async resolveWithinSeconds (C:\\Users\\DELL Latitude 7400\\Documents\\PRO-EDGE\\lead-delivery-app\\node_modules\\pg-boss\\src\\tools.ts:50:14)\n    at async Worker.onFetch (C:\\Users\\DELL Latitude 7400\\Documents\\PRO-EDGE\\lead-delivery-app\\node_modules\\pg-boss\\src\\manager.ts:171:24)\n    at async Worker.start (C:\\Users\\DELL Latitude 7400\\Documents\\PRO-EDGE\\lead-delivery-app\\node_modules\\pg-boss\\src\\worker.ts:79:11)"
}
[2026-01-06 05:25:18.966] [ERROR] Job Failed: 08efe223-1259-4395-b900-49f4f7611971
{
  "error": "Reached the max retries per request limit (which is 20). Refer to \"maxRetriesPerRequest\" option for details.",
  "workerId": 2,
  "type": "batch",
  "stack": "MaxRetriesPerRequestError: Reached the max retries per request limit (which is 20). Refer to \"maxRetriesPerRequest\" option for details.\n    at Socket.<anonymous> (C:\\Users\\DELL Latitude 7400\\Documents\\PRO-EDGE\\lead-delivery-app\\node_modules\\ioredis\\built\\redis\\event_handler.js:207:37)\n    at Object.onceWrapper (node:events:639:26)\n    at Socket.emit (node:events:524:28)\n    at TCP.<anonymous> (node:net:351:12)"
}
